// Jest Snapshot v1, https://goo.gl/fbAQLP

exports[`Modal component matches snapshot 1`] = `
<DocumentFragment>
  &lt;Modal /&gt;
</DocumentFragment>
`;
